// Jest Snapshot v1, https://goo.gl/fbAQLP

exports[`delete environment renders correctly 1`] = `
"<account-delete-environment user=\\"[object\\" object]=\\"\\" class=\\"hydrated\\"><blaze-drawer class=\\"hydrated\\"><!----><div aria-hidden=\\"true\\" class=\\"c-overlay c-overlay--fullpage\\"></div><aside aria-expanded=\\"async isOpen() {
        return this._isOpen;
    }\\" class=\\"o-drawer o-drawer--right\\"><button type=\\"button\\" class=\\"c-button c-button--close\\">Ã—</button><blaze-card class=\\"hydrated\\"><!----><div class=\\"c-card\\"><form><blaze-card-header class=\\"hydrated\\"><!----><header class=\\"c-card__header\\"><h2 class=\\"c-heading\\">Delete environment</h2></header></blaze-card-header><blaze-card-body class=\\"hydrated\\"><!----><div class=\\"c-card__body\\"><blaze-alert class=\\"hydrated\\"><!----><div role=\\"alert\\" hidden=\\"\\" class=\\"c-alert u-display-none\\"><div></div><div></div></div></blaze-alert><span>The API will stop returning any feature toggles for this environment.</span><p class=\\"c-paragraph u-text--quiet\\">Once deleted any requests for this environment will receive an empty response.</p><p class=\\"c-paragraph u-text--loud\\">Are you sure you want to delete?</p><p class=\\"c-paragraph\\"></p><div class=\\"u-text--quiet\\">Environment: </div><span class=\\"u-text--loud\\"></span><p></p></div></blaze-card-body><blaze-card-footer class=\\"hydrated\\"><!----><footer class=\\"c-card__footer\\"><button class=\\"c-button c-button--block c-button--error\\"><span class=\\"c-button__icon-left\\" aria-hidden=\\"\\"><i aria-hidden=\\"\\" class=\\"fa-fw far fa-trash-alt\\"></i></span>Delete environment</button></footer></blaze-card-footer></form></div></blaze-card></aside></blaze-drawer></account-delete-environment>"
`;
