// Jest Snapshot v1, https://goo.gl/fbAQLP

exports[`add environment renders correctly 1`] = `
"<account-add-environment user=\\"[object\\" object]=\\"\\" class=\\"hydrated\\"><blaze-drawer class=\\"hydrated\\"><!----><div aria-hidden=\\"true\\" class=\\"c-overlay c-overlay--fullpage\\"></div><aside aria-expanded=\\"async isOpen() {
        return this._isOpen;
    }\\" class=\\"o-drawer o-drawer--right\\"><button type=\\"button\\" class=\\"c-button c-button--close\\">Ã—</button><blaze-card class=\\"hydrated\\"><!----><div class=\\"c-card\\"><form><blaze-card-header class=\\"hydrated\\"><!----><header class=\\"c-card__header\\"><h2 class=\\"c-heading\\">Add environment</h2></header></blaze-card-header><blaze-card-body class=\\"hydrated\\"><!----><div class=\\"c-card__body\\"><blaze-alert class=\\"hydrated\\"><!----><div role=\\"alert\\" hidden=\\"\\" class=\\"c-alert u-display-none\\"><div></div><div></div></div></blaze-alert> <label class=\\"c-label o-form-element\\">Environment name:<div class=\\"o-field o-field--icon-left\\"><i aria-hidden=\\"\\" class=\\"fa-fw fas fa-server c-icon\\"></i><input type=\\"text\\" class=\\"c-field c-field--label\\" required=\\"\\"></div></label></div></blaze-card-body><blaze-card-footer class=\\"hydrated\\"><!----><footer class=\\"c-card__footer\\"><button class=\\"c-button c-button--block c-button--success\\"><span class=\\"c-button__icon-left\\" aria-hidden=\\"\\"><i aria-hidden=\\"\\" class=\\"fa-fw fas fa-save\\"></i></span>Save environment</button></footer></blaze-card-footer></form></div></blaze-card></aside></blaze-drawer></account-add-environment>"
`;
