// Jest Snapshot v1, https://goo.gl/fbAQLP

exports[`delete environment renders correctly 1`] = `
"<account-generate-key user=\\"[object\\" object]=\\"\\" class=\\"hydrated\\"><blaze-drawer class=\\"hydrated\\"><!----><div aria-hidden=\\"true\\" class=\\"c-overlay c-overlay--fullpage\\"></div><aside aria-expanded=\\"async isOpen() {
        return this._isOpen;
    }\\" class=\\"o-drawer o-drawer--right\\"><button type=\\"button\\" class=\\"c-button c-button--close\\">Ã—</button><blaze-card class=\\"hydrated\\"><!----><div class=\\"c-card\\"><form><blaze-card-header class=\\"hydrated\\"><!----><header class=\\"c-card__header\\"><h2 class=\\"c-heading\\">Generate key</h2></header></blaze-card-header><blaze-card-body class=\\"hydrated\\"><!----><div class=\\"c-card__body\\"><blaze-alert class=\\"hydrated\\"><!----><div role=\\"alert\\" hidden=\\"\\" class=\\"c-alert u-display-none\\"><div></div><div></div></div></blaze-alert><span>Generating a new key will invalidate the old one.</span><p class=\\"c-paragraph\\">Once you generate a new key, you will have to update your site or app to use the new key.</p></div></blaze-card-body><blaze-card-footer class=\\"hydrated\\"><!----><footer class=\\"c-card__footer\\"><button class=\\"c-button c-button--block c-button--warning\\"><span class=\\"c-button__icon-left\\" aria-hidden=\\"\\"><i aria-hidden=\\"\\" class=\\"fa-fw fas fa-sync-alt\\"></i></span>Generate key</button></footer></blaze-card-footer></form></div></blaze-card></aside></blaze-drawer></account-generate-key>"
`;
