// Jest Snapshot v1, https://goo.gl/fbAQLP

exports[`404 renders correctly 1`] = `"<page-not-found class=\\"hydrated\\"><div class=\\"o-container o-container--small u-window-box-xlarge u-centered\\"><stencil-route-title class=\\"hydrated\\"></stencil-route-title><h2 class=\\"c-heading\\">That page does not exist.</h2><div><a class=\\"c-link\\" href=\\"/\\">Go back to the home page</a></div></div></page-not-found>"`;
