// Jest Snapshot v1, https://goo.gl/fbAQLP

exports[`delete environment renders correctly 1`] = `
"<account-delete user=\\"[object\\" object]=\\"\\" class=\\"hydrated\\"><blaze-drawer class=\\"hydrated\\"><!----><div aria-hidden=\\"true\\" class=\\"c-overlay c-overlay--fullpage\\"></div><aside aria-expanded=\\"async isOpen() {
        return this._isOpen;
    }\\" class=\\"o-drawer o-drawer--right\\"><button type=\\"button\\" class=\\"c-button c-button--close\\">Ã—</button><blaze-card class=\\"hydrated\\"><!----><div class=\\"c-card\\"><form><blaze-card-header class=\\"hydrated\\"><!----><header class=\\"c-card__header\\"><h2 class=\\"c-heading\\">Delete account</h2></header></blaze-card-header><blaze-card-body class=\\"hydrated\\"><!----><div class=\\"c-card__body\\"><blaze-alert class=\\"hydrated\\"><!----><div role=\\"alert\\" hidden=\\"\\" class=\\"c-alert u-display-none\\"><div></div><div></div></div></blaze-alert><span class=\\"u-gradient-text u-gradient-text--error\\">Deleting your account is permanent.</span><p class=\\"c-paragraph u-text--quiet u-small\\">If you delete your account all information we hold about you will be destroyed, all your feature toggles will be deleted and we will not be able to provide you with any support.</p><label class=\\"o-form-element c-label\\">Re-enter your password to confirm:<div class=\\"c-input-group c-input-group--label\\"><div class=\\"o-field o-field--icon-left\\"><i aria-hidden=\\"\\" class=\\"fa-fw fas fa-lock c-icon\\"></i><input type=\\"password\\" class=\\"c-field\\" required=\\"\\" minlength=\\"6\\"></div><button type=\\"button\\" class=\\"c-button c-button--ghost c-button--brand\\">Show</button></div></label></div></blaze-card-body><blaze-card-footer class=\\"hydrated\\"><!----><footer class=\\"c-card__footer\\"><button class=\\"c-button c-button--block c-button--error\\">Delete account</button></footer></blaze-card-footer></form></div></blaze-card></aside></blaze-drawer></account-delete>"
`;
