// Jest Snapshot v1, https://goo.gl/fbAQLP

exports[`logout renders correctly 1`] = `"<account-logout class=\\"hydrated\\"><div class=\\"o-container o-container--small u-window-box-xlarge u-centered\\"><stencil-route-title class=\\"hydrated\\"></stencil-route-title><div style=\\"font-size: 4em;\\">ðŸ‘‹</div><div><h2 class=\\"c-heading\\">Logged out.</h2><p class=\\"c-paragraph u-text--quiet\\">See you soon!</p><p class=\\"c-paragraph\\"><stencil-route-link class=\\"hydrated\\"><!----><a class=\\"c-link\\" href=\\"/\\">Go back to the home page</a></stencil-route-link></p><p class=\\"c-paragraph\\"><stencil-route-link class=\\"hydrated\\"><!----><a class=\\"c-link\\" href=\\"/login\\">Log in again</a></stencil-route-link></p></div></div></account-logout>"`;
